// Jest Snapshot v1, https://goo.gl/fbAQLP

exports[`<Main /> should render the heading 1`] = `
.c0 {
  display: -webkit-box;
  display: -webkit-flex;
  display: -ms-flexbox;
  display: flex;
  -webkit-flex-direction: column;
  -ms-flex-direction: column;
  flex-direction: column;
  -webkit-align-items: center;
  -webkit-box-align: center;
  -ms-flex-align: center;
  align-items: center;
  -webkit-box-pack: center;
  -webkit-justify-content: center;
  -ms-flex-pack: center;
  justify-content: center;
  padding: 2rem;
  background-color: #202020;
  color: #ffffff;
  width: 100%;
  height: 100%;
}

.c1 {
  font-size: 5rem;
  margin-bottom: 2rem;
}

.c2 {
  -webkit-filter: brightness(0.7);
  filter: brightness(0.7);
}

<main
  class="c0"
>
  <h1
    class="c1"
  >
    Boilerplate
  </h1>
  <h2
    class="c2"
  >
    Typescript, ReactJs, NextJs e Styled components, Storybook, React Testing Library
  </h2>
</main>
`;
